// Jest Snapshot v1, https://goo.gl/fbAQLP

exports[`snapshot 1`] = `
<DocumentFragment>
  <div
    class="container"
  >
    <nav
      aria-label="main mailbox folders"
      class="MuiList-root MuiList-padding"
    >
      <li
        class="MuiListItem-root MuiListItem-gutters"
      >
        <div
          class="MuiListItemText-root"
        >
          <span
            class="MuiTypography-root MuiListItemText-primary MuiTypography-body1 MuiTypography-displayBlock"
          >
            usage usage 2
          </span>
        </div>
        <svg
          aria-hidden="true"
          class="MuiSvgIcon-root"
          focusable="false"
          viewBox="0 0 24 24"
        >
          <path
            d="M6 19c0 1.1.9 2 2 2h8c1.1 0 2-.9 2-2V7H6v12zM19 4h-3.5l-1-1h-5l-1 1H5v2h14V4z"
          />
        </svg>
      </li>
    </nav>
  </div>
</DocumentFragment>
`;
